
manid@DESKTOP-SCP8K0N MINGW64 /d/git process (master)
$ git status
On branch master

No commits yet

Untracked files:
  (use "git add <file>..." to include in what will be committed)

        test.py

nothing added to commit but untracked files present (use "git add" to track)

manid@DESKTOP-SCP8K0N MINGW64 /d/git process (master)
$ git add test.py

manid@DESKTOP-SCP8K0N MINGW64 /d/git process (master)
$ git status
On branch master

No commits yet

Changes to be committed:
  (use "git rm --cached <file>..." to unstage)

        new file:   test.py


manid@DESKTOP-SCP8K0N MINGW64 /d/git process (master)
$ python test.py

manid@DESKTOP-SCP8K0N MINGW64 /d/git process (master)
$ git add --all

manid@DESKTOP-SCP8K0N MINGW64 /d/git process (master)
$ git statu
git: 'statu' is not a git command. See 'git --help'.

The most similar commands are
        status
        stage
        stash

manid@DESKTOP-SCP8K0N MINGW64 /d/git process (master)
$ git status
On branch master

No commits yet

Changes to be committed:
  (use "git rm --cached <file>..." to unstage)

        new file:   test.py


manid@DESKTOP-SCP8K0N MINGW64 /d/git process (master)
$ git status
On branch master

No commits yet

Changes to be committed:
  (use "git rm --cached <file>..." to unstage)

        new file:   test.py

Changes not staged for commit:
  (use "git add <file>..." to update what will be committed)
  (use "git checkout -- <file>..." to discard changes in working directory)

        modified:   test.py


manid@DESKTOP-SCP8K0N MINGW64 /d/git process (master)
$ git add test.py

manid@DESKTOP-SCP8K0N MINGW64 /d/git process (master)
$ git status
On branch master

No commits yet

Changes to be committed:
  (use "git rm --cached <file>..." to unstage)

        new file:   test.py


manid@DESKTOP-SCP8K0N MINGW64 /d/git process (master)
$ git commit -m "made a change to file"

*** Please tell me who you are.

Run

  git config --global user.email "you@example.com"
  git config --global user.name "Your Name"

to set your account's default identity.
Omit --global to set the identity only in this repository.

fatal: unable to auto-detect email address (got 'manid@DESKTOP-SCP8K0N.(none)')

manid@DESKTOP-SCP8K0N MINGW64 /d/git process (master)
$ ^C

manid@DESKTOP-SCP8K0N MINGW64 /d/git process (master)
$ git config --global user.email "vm2481@bennett.edu.in"

manid@DESKTOP-SCP8K0N MINGW64 /d/git process (master)
$ git config --global user.name "vvs manideep"

manid@DESKTOP-SCP8K0N MINGW64 /d/git process (master)
$ git commit -m "made a change to file"
[master (root-commit) b154ff5] made a change to file
 1 file changed, 1 insertion(+)
 create mode 100644 test.py

manid@DESKTOP-SCP8K0N MINGW64 /d/git process (master)
$ git status
On branch master
nothing to commit, working tree clean

manid@DESKTOP-SCP8K0N MINGW64 /d/git process (master)
$ git log
commit b154ff5443372437196e9a2691309b6d1b78c6a0 (HEAD -> master)
Author: vvs manideep <vm2481@bennett.edu.in>
Date:   Wed Jan 16 19:47:02 2019 +0530

    made a change to file

manid@DESKTOP-SCP8K0N MINGW64 /d/git process (master)
$ git status
On branch master
Changes not staged for commit:
  (use "git add <file>..." to update what will be committed)
  (use "git checkout -- <file>..." to discard changes in working directory)

        modified:   test.py

no changes added to commit (use "git add" and/or "git commit -a")

manid@DESKTOP-SCP8K0N MINGW64 /d/git process (master)
$ git diff
diff --git a/test.py b/test.py
index 590e2c0..e69de29 100644
--- a/test.py
+++ b/test.py
@@ -1 +0,0 @@
-print("helloworld")

manid@DESKTOP-SCP8K0N MINGW64 /d/git process (master)
$ git add test.py

manid@DESKTOP-SCP8K0N MINGW64 /d/git process (master)
$ git commit -am "deleted a line"
[master ce6a187] deleted a line
 1 file changed, 1 deletion(-)

manid@DESKTOP-SCP8K0N MINGW64 /d/git process (master)
$ git log
commit ce6a1871bab82a484cfff8c9a763bf23224b31e2 (HEAD -> master)
Author: vvs manideep <vm2481@bennett.edu.in>
Date:   Wed Jan 16 19:55:51 2019 +0530

    deleted a line

commit b154ff5443372437196e9a2691309b6d1b78c6a0
Author: vvs manideep <vm2481@bennett.edu.in>
Date:   Wed Jan 16 19:47:02 2019 +0530

    made a change to file

manid@DESKTOP-SCP8K0N MINGW64 /d/git process (master)
$ git log --oneline
ce6a187 (HEAD -> master) deleted a line
b154ff5 made a change to file

manid@DESKTOP-SCP8K0N MINGW64 /d/git process (master)
$ git remote add origin https://github.com/manideepvvs356/git-test.git

manid@DESKTOP-SCP8K0N MINGW64 /d/git process (master)
$ git remote --v
origin  https://github.com/manideepvvs356/git-test.git (fetch)
origin  https://github.com/manideepvvs356/git-test.git (push)

manid@DESKTOP-SCP8K0N MINGW64 /d/git process (master)
$ git status
On branch master
nothing to commit, working tree clean

manid@DESKTOP-SCP8K0N MINGW64 /d/git process (master)
$ git push origin master
Enumerating objects: 6, done.
Counting objects: 100% (6/6), done.
Delta compression using up to 4 threads
Compressing objects: 100% (2/2), done.
Writing objects: 100% (6/6), 447 bytes | 223.00 KiB/s, done.
Total 6 (delta 0), reused 0 (delta 0)
To https://github.com/manideepvvs356/git-test.git
 * [new branch]      master -> master

manid@DESKTOP-SCP8K0N MINGW64 /d/git process (master)
$ git push origin master
Everything up-to-date

manid@DESKTOP-SCP8K0N MINGW64 /d/git process (master)
$ git commit -am "changed the code"
On branch master
Untracked files:
        hellowolrd.py

nothing added to commit but untracked files present

manid@DESKTOP-SCP8K0N MINGW64 /d/git process (master)
$ git add helloworld.py
fatal: pathspec 'helloworld.py' did not match any files

manid@DESKTOP-SCP8K0N MINGW64 /d/git process (master)
$ git init
Reinitialized existing Git repository in D:/git process/.git/

manid@DESKTOP-SCP8K0N MINGW64 /d/git process (master)
$ dir
hellowolrd.py  test.py

manid@DESKTOP-SCP8K0N MINGW64 /d/git process (master)
$ git commit -am "changed one"
On branch master
Untracked files:
        hellowolrd.py

nothing added to commit but untracked files present

manid@DESKTOP-SCP8K0N MINGW64 /d/git process (master)
$ git add helloworld.py
fatal: pathspec 'helloworld.py' did not match any files

manid@DESKTOP-SCP8K0N MINGW64 /d/git process (master)
$ ^C

manid@DESKTOP-SCP8K0N MINGW64 /d/git process (master)
$ git add hellowolrd.py

manid@DESKTOP-SCP8K0N MINGW64 /d/git process (master)
$ git commit -m "changed"
[master 32fb997] changed
 1 file changed, 2 insertions(+)
 create mode 100644 hellowolrd.py

manid@DESKTOP-SCP8K0N MINGW64 /d/git process (master)
$ git log
commit 32fb9974208e0be31c5ef0d57d1ee8f16ef53f24 (HEAD -> master)
Author: vvs manideep <vm2481@bennett.edu.in>
Date:   Wed Jan 16 20:16:51 2019 +0530

    changed

commit ce6a1871bab82a484cfff8c9a763bf23224b31e2 (origin/master)
Author: vvs manideep <vm2481@bennett.edu.in>
Date:   Wed Jan 16 19:55:51 2019 +0530

    deleted a line

commit b154ff5443372437196e9a2691309b6d1b78c6a0
Author: vvs manideep <vm2481@bennett.edu.in>
Date:   Wed Jan 16 19:47:02 2019 +0530

    made a change to file

manid@DESKTOP-SCP8K0N MINGW64 /d/git process (master)
$ git push origin master
Enumerating objects: 4, done.
Counting objects: 100% (4/4), done.
Delta compression using up to 4 threads
Compressing objects: 100% (2/2), done.
Writing objects: 100% (3/3), 317 bytes | 317.00 KiB/s, done.
Total 3 (delta 0), reused 0 (delta 0)
To https://github.com/manideepvvs356/git-test.git
   ce6a187..32fb997  master -> master

manid@DESKTOP-SCP8K0N MINGW64 /d/git process (master)
$ dir
hellowolrd.py  test.py

manid@DESKTOP-SCP8K0N MINGW64 /d/git process (master)
$ git status
On branch master
nothing to commit, working tree clean

manid@DESKTOP-SCP8K0N MINGW64 /d/git process (master)
$ git pull
remote: Enumerating objects: 5, done.
remote: Counting objects: 100% (5/5), done.
remote: Compressing objects: 100% (3/3), done.
remote: Total 3 (delta 0), reused 0 (delta 0), pack-reused 0
Unpacking objects: 100% (3/3), done.
From https://github.com/manideepvvs356/git-test
   32fb997..ecd9bc8  master     -> origin/master
There is no tracking information for the current branch.
Please specify which branch you want to merge with.
See git-pull(1) for details.

    git pull <remote> <branch>

If you wish to set tracking information for this branch you can do so with:

    git branch --set-upstream-to=origin/<branch> master


manid@DESKTOP-SCP8K0N MINGW64 /d/git process (master)
$ git pull origin master
From https://github.com/manideepvvs356/git-test
 * branch            master     -> FETCH_HEAD
Updating 32fb997..ecd9bc8
Fast-forward
 hellowolrd.py | 2 ++
 1 file changed, 2 insertions(+)

manid@DESKTOP-SCP8K0N MINGW64 /d/git process (master)
$ git add hellowolrd.py

manid@DESKTOP-SCP8K0N MINGW64 /d/git process (master)
$ git commit -m "changed"
[master 0b4324f] changed
 1 file changed, 1 insertion(+), 1 deletion(-)

manid@DESKTOP-SCP8K0N MINGW64 /d/git process (master)
$ git push origin master
Enumerating objects: 5, done.
Counting objects: 100% (5/5), done.
Delta compression using up to 4 threads
Compressing objects: 100% (3/3), done.
Writing objects: 100% (3/3), 322 bytes | 161.00 KiB/s, done.
Total 3 (delta 0), reused 0 (delta 0)
To https://github.com/manideepvvs356/git-test.git
   ecd9bc8..0b4324f  master -> master

manid@DESKTOP-SCP8K0N MINGW64 /d/git process (master)
$ dir
hellowolrd.py  test.py

manid@DESKTOP-SCP8K0N MINGW64 /d/git process (master)
$ git log
commit 0b4324ff6354b2879cf787e588647f5d71ed9363 (HEAD -> master, origin/master)
Author: vvs manideep <vm2481@bennett.edu.in>
Date:   Wed Jan 16 20:26:19 2019 +0530

    changed

commit ecd9bc831bf7216c67524a61977009943661d5c3
Author: manideepvvs356 <40820463+manideepvvs356@users.noreply.github.com>
Date:   Wed Jan 16 20:24:38 2019 +0530

    added new 2 lines

commit 32fb9974208e0be31c5ef0d57d1ee8f16ef53f24
Author: vvs manideep <vm2481@bennett.edu.in>
Date:   Wed Jan 16 20:16:51 2019 +0530

    changed

commit ce6a1871bab82a484cfff8c9a763bf23224b31e2
Author: vvs manideep <vm2481@bennett.edu.in>
Date:   Wed Jan 16 19:55:51 2019 +0530

    deleted a line

commit b154ff5443372437196e9a2691309b6d1b78c6a0
Author: vvs manideep <vm2481@bennett.edu.in>
Date:   Wed Jan 16 19:47:02 2019 +0530

    made a change to file

manid@DESKTOP-SCP8K0N MINGW64 /d/git process (master)
$ git pull origin master
From https://github.com/manideepvvs356/git-test
 * branch            master     -> FETCH_HEAD
Already up to date.

manid@DESKTOP-SCP8K0N MINGW64 /d/git process (master)
$ git log --oneline
0b4324f (HEAD -> master, origin/master) changed
ecd9bc8 added new 2 lines
32fb997 changed
ce6a187 deleted a line
b154ff5 made a change to file

manid@DESKTOP-SCP8K0N MINGW64 /d/git process (master)
$ git chnged -b "new branch"
git: 'chnged' is not a git command. See 'git --help'.

The most similar command is
        whatchanged

manid@DESKTOP-SCP8K0N MINGW64 /d/git process (master)
$ git changed -b "new branch"
git: 'changed' is not a git command. See 'git --help'.

The most similar command is
        whatchanged

manid@DESKTOP-SCP8K0N MINGW64 /d/git process (master)
$ git checkout -b "new branch"
fatal: 'new branch' is not a valid branch name.

manid@DESKTOP-SCP8K0N MINGW64 /d/git process (master)
$ git checkout -b "new-branch"
Switched to a new branch 'new-branch'

manid@DESKTOP-SCP8K0N MINGW64 /d/git process (new-branch)
$ git branch
  master
* new-branch

manid@DESKTOP-SCP8K0N MINGW64 /d/git process (new-branch)
$ git add new.txt

manid@DESKTOP-SCP8K0N MINGW64 /d/git process (new-branch)
$ git commit -m "added a new txt file"
[new-branch f127b69] added a new txt file
 1 file changed, 0 insertions(+), 0 deletions(-)
 create mode 100644 new.txt

manid@DESKTOP-SCP8K0N MINGW64 /d/git process (new-branch)
$ git log --oneline
f127b69 (HEAD -> new-branch) added a new txt file
0b4324f (origin/master, master) changed
ecd9bc8 added new 2 lines
32fb997 changed
ce6a187 deleted a line
b154ff5 made a change to file

manid@DESKTOP-SCP8K0N MINGW64 /d/git process (new-branch)
$ git checkout master
Switched to branch 'master'

manid@DESKTOP-SCP8K0N MINGW64 /d/git process (master)
$ git log --oneline
0b4324f (HEAD -> master, origin/master) changed
ecd9bc8 added new 2 lines
32fb997 changed
ce6a187 deleted a line
b154ff5 made a change to file

manid@DESKTOP-SCP8K0N MINGW64 /d/git process (master)
$ git checkout -b "new-branch"
fatal: A branch named 'new-branch' already exists.

manid@DESKTOP-SCP8K0N MINGW64 /d/git process (master)
$ git checkout new-branch
Switched to branch 'new-branch'

manid@DESKTOP-SCP8K0N MINGW64 /d/git process (new-branch)
$ git checkout master
Switched to branch 'master'

manid@DESKTOP-SCP8K0N MINGW64 /d/git process (master)
$ git merge new-branch
Updating 0b4324f..f127b69
Fast-forward
 new.txt | 0
 1 file changed, 0 insertions(+), 0 deletions(-)
 create mode 100644 new.txt

manid@DESKTOP-SCP8K0N MINGW64 /d/git process (master)
$ git log
commit f127b6921a9b450c32256b354201e5a2f5889bdd (HEAD -> master, new-branch)
Author: vvs manideep <vm2481@bennett.edu.in>
Date:   Wed Jan 16 20:57:01 2019 +0530

    added a new txt file

commit 0b4324ff6354b2879cf787e588647f5d71ed9363 (origin/master)
Author: vvs manideep <vm2481@bennett.edu.in>
Date:   Wed Jan 16 20:26:19 2019 +0530

    changed

commit ecd9bc831bf7216c67524a61977009943661d5c3
Author: manideepvvs356 <40820463+manideepvvs356@users.noreply.github.com>
Date:   Wed Jan 16 20:24:38 2019 +0530

    added new 2 lines

commit 32fb9974208e0be31c5ef0d57d1ee8f16ef53f24
Author: vvs manideep <vm2481@bennett.edu.in>
Date:   Wed Jan 16 20:16:51 2019 +0530

    changed

commit ce6a1871bab82a484cfff8c9a763bf23224b31e2
Author: vvs manideep <vm2481@bennett.edu.in>
Date:   Wed Jan 16 19:55:51 2019 +0530

    deleted a line

commit b154ff5443372437196e9a2691309b6d1b78c6a0
Author: vvs manideep <vm2481@bennett.edu.in>
Date:   Wed Jan 16 19:47:02 2019 +0530

    made a change to file

manid@DESKTOP-SCP8K0N MINGW64 /d/git process (master)
$
